{
  "id": "19567751-F53B-4B15-A4B4",
  "amount": 100,
  "cost": 2,
  "status": "successful",
  "type": "cashin",
  "createdAt": "2019-04-04 17:15:59"
}
