{
    "status": "success",
    "data": {
        "date": "2019-04-05",
        "accounts": [
            {
                "currency": "RWF",
                "balanceAvailable": 30000,
                "balanceActual": 35000
            }
        ]
    }
}