{
    {
        "balance": "0.00",
        "currency": "RWF",
        "account_status": "Active"
    }
}