{
    "amount": "100",
    "currency": "RWF",
    "status": "Active"
}