{
	"phone":"722123205",
  "first_name": "Doe",
  "last_name": "John",
	"status":    true,
	"has_pin":    true
}