{
  "ref": "QUARKS350273CSD55X",
  "status": true,
  "message": "Success.",
  "result_code": "ESB000010"
}