{
  "gref": "84F9CC90-28CA-4385-952A-9000EC5A11A8",
  "ref": "CD8FEB19-5AD0-4496-ADD6-36CCF1B67B71",
  "state": "processing"
}
